// Jest Snapshot v1, https://goo.gl/fbAQLP

exports[`BuildingInfo component should match the snapshot 1`] = `
ShallowWrapper {
  Symbol(enzyme.__root__): [Circular],
  Symbol(enzyme.__unrendered__): <BuildingInfo />,
  Symbol(enzyme.__renderer__): Object {
    "batchedUpdates": [Function],
    "getNode": [Function],
    "render": [Function],
    "simulateError": [Function],
    "simulateEvent": [Function],
    "unmount": [Function],
  },
  Symbol(enzyme.__node__): Object {
    "instance": null,
    "key": undefined,
    "nodeType": "host",
    "props": Object {
      "children": Array [
        <Nav />,
        <div
          className="main-content"
        >
          <div
            className="building-details"
          >
            <h1>
              Building Info
            </h1>
            <h2>
              Name: 
              <span />
            </h2>
            <h2>
              Address: 
              <span />
            </h2>
          </div>
        </div>,
      ],
      "className": "building-info",
    },
    "ref": null,
    "rendered": Array [
      Object {
        "instance": null,
        "key": undefined,
        "nodeType": "function",
        "props": Object {
          "handleLogOut": undefined,
        },
        "ref": null,
        "rendered": null,
        "type": [Function],
      },
      Object {
        "instance": null,
        "key": undefined,
        "nodeType": "host",
        "props": Object {
          "children": <div
            className="building-details"
          >
            <h1>
              Building Info
            </h1>
            <h2>
              Name: 
              <span />
            </h2>
            <h2>
              Address: 
              <span />
            </h2>
          </div>,
          "className": "main-content",
        },
        "ref": null,
        "rendered": Object {
          "instance": null,
          "key": undefined,
          "nodeType": "host",
          "props": Object {
            "children": Array [
              <h1>
                Building Info
              </h1>,
              <h2>
                Name: 
                <span />
              </h2>,
              <h2>
                Address: 
                <span />
              </h2>,
            ],
            "className": "building-details",
          },
          "ref": null,
          "rendered": Array [
            Object {
              "instance": null,
              "key": undefined,
              "nodeType": "host",
              "props": Object {
                "children": "Building Info",
              },
              "ref": null,
              "rendered": "Building Info",
              "type": "h1",
            },
            Object {
              "instance": null,
              "key": undefined,
              "nodeType": "host",
              "props": Object {
                "children": Array [
                  "Name: ",
                  <span />,
                ],
              },
              "ref": null,
              "rendered": Array [
                "Name: ",
                Object {
                  "instance": null,
                  "key": undefined,
                  "nodeType": "host",
                  "props": Object {
                    "children": undefined,
                  },
                  "ref": null,
                  "rendered": null,
                  "type": "span",
                },
              ],
              "type": "h2",
            },
            Object {
              "instance": null,
              "key": undefined,
              "nodeType": "host",
              "props": Object {
                "children": Array [
                  "Address: ",
                  <span />,
                ],
              },
              "ref": null,
              "rendered": Array [
                "Address: ",
                Object {
                  "instance": null,
                  "key": undefined,
                  "nodeType": "host",
                  "props": Object {
                    "children": undefined,
                  },
                  "ref": null,
                  "rendered": null,
                  "type": "span",
                },
              ],
              "type": "h2",
            },
          ],
          "type": "div",
        },
        "type": "div",
      },
    ],
    "type": "div",
  },
  Symbol(enzyme.__nodes__): Array [
    Object {
      "instance": null,
      "key": undefined,
      "nodeType": "host",
      "props": Object {
        "children": Array [
          <Nav />,
          <div
            className="main-content"
          >
            <div
              className="building-details"
            >
              <h1>
                Building Info
              </h1>
              <h2>
                Name: 
                <span />
              </h2>
              <h2>
                Address: 
                <span />
              </h2>
            </div>
          </div>,
        ],
        "className": "building-info",
      },
      "ref": null,
      "rendered": Array [
        Object {
          "instance": null,
          "key": undefined,
          "nodeType": "function",
          "props": Object {
            "handleLogOut": undefined,
          },
          "ref": null,
          "rendered": null,
          "type": [Function],
        },
        Object {
          "instance": null,
          "key": undefined,
          "nodeType": "host",
          "props": Object {
            "children": <div
              className="building-details"
            >
              <h1>
                Building Info
              </h1>
              <h2>
                Name: 
                <span />
              </h2>
              <h2>
                Address: 
                <span />
              </h2>
            </div>,
            "className": "main-content",
          },
          "ref": null,
          "rendered": Object {
            "instance": null,
            "key": undefined,
            "nodeType": "host",
            "props": Object {
              "children": Array [
                <h1>
                  Building Info
                </h1>,
                <h2>
                  Name: 
                  <span />
                </h2>,
                <h2>
                  Address: 
                  <span />
                </h2>,
              ],
              "className": "building-details",
            },
            "ref": null,
            "rendered": Array [
              Object {
                "instance": null,
                "key": undefined,
                "nodeType": "host",
                "props": Object {
                  "children": "Building Info",
                },
                "ref": null,
                "rendered": "Building Info",
                "type": "h1",
              },
              Object {
                "instance": null,
                "key": undefined,
                "nodeType": "host",
                "props": Object {
                  "children": Array [
                    "Name: ",
                    <span />,
                  ],
                },
                "ref": null,
                "rendered": Array [
                  "Name: ",
                  Object {
                    "instance": null,
                    "key": undefined,
                    "nodeType": "host",
                    "props": Object {
                      "children": undefined,
                    },
                    "ref": null,
                    "rendered": null,
                    "type": "span",
                  },
                ],
                "type": "h2",
              },
              Object {
                "instance": null,
                "key": undefined,
                "nodeType": "host",
                "props": Object {
                  "children": Array [
                    "Address: ",
                    <span />,
                  ],
                },
                "ref": null,
                "rendered": Array [
                  "Address: ",
                  Object {
                    "instance": null,
                    "key": undefined,
                    "nodeType": "host",
                    "props": Object {
                      "children": undefined,
                    },
                    "ref": null,
                    "rendered": null,
                    "type": "span",
                  },
                ],
                "type": "h2",
              },
            ],
            "type": "div",
          },
          "type": "div",
        },
      ],
      "type": "div",
    },
  ],
  Symbol(enzyme.__options__): Object {
    "adapter": ReactSixteenAdapter {
      "options": Object {
        "enableComponentDidUpdateOnSetState": true,
        "lifecycles": Object {
          "componentDidUpdate": Object {
            "onSetState": true,
          },
          "getDerivedStateFromProps": true,
          "getSnapshotBeforeUpdate": true,
          "setState": Object {
            "skipsComponentDidUpdateOnNullish": true,
          },
        },
      },
    },
  },
}
`;
