// Jest Snapshot v1, https://goo.gl/fbAQLP

exports[`MyNeighbors component should match the snapshot 1`] = `
ShallowWrapper {
  Symbol(enzyme.__root__): [Circular],
  Symbol(enzyme.__unrendered__): <MyNeighbors
    getNeighbors={
      [MockFunction] {
        "calls": Array [
          Array [],
        ],
        "results": Array [
          Object {
            "isThrow": false,
            "value": undefined,
          },
        ],
      }
    }
    neighbors={
      Array [
        Object {
          "building_id": 1,
          "created_at": "2018-10-14T18:06:35.045Z",
          "email": "gray.smith@gmail.com",
          "id": 1,
          "name": "Gray Smith",
          "password": "asdfasdf",
          "updated_at": "2018-10-14T18:06:35.045Z",
        },
        Object {
          "building_id": 1,
          "created_at": "2018-10-14T18:06:35.045Z",
          "email": "boolean.brandon@gmail.com",
          "id": 4,
          "name": "Boolean Brandon",
          "password": "asdfasdf",
          "updated_at": "2018-10-14T18:06:35.045Z",
        },
        Object {
          "building_id": 1,
          "created_at": "2018-10-14T18:06:35.045Z",
          "email": "tim.fishcher@gmail.com",
          "id": 7,
          "name": "Tim Fischer",
          "password": "asdfasdf",
          "updated_at": "2018-10-14T18:06:35.045Z",
        },
      ]
    }
    userBuilding={
      Object {
        "address": "1910 S Josephine St
Denver, CO
",
        "created_at": "2018-10-14T18:06:35.020Z",
        "id": 1,
        "name": "Modera Observatory Park",
        "updated_at": "2018-10-14T18:06:35.020Z",
      }
    }
  />,
  Symbol(enzyme.__renderer__): Object {
    "batchedUpdates": [Function],
    "getNode": [Function],
    "render": [Function],
    "simulateError": [Function],
    "simulateEvent": [Function],
    "unmount": [Function],
  },
  Symbol(enzyme.__node__): Object {
    "instance": null,
    "key": undefined,
    "nodeType": "host",
    "props": Object {
      "children": Array [
        <Nav />,
        <div
          className="main-content"
        >
          <Link
            className="name-link"
            replace={false}
            to="/neighbors/1"
          >
            <div
              className="neighbor"
            >
              <h4>
                Gray Smith
              </h4>
              <i
                className="fas fa-angle-right"
              />
            </div>
          </Link>
          <Link
            className="name-link"
            replace={false}
            to="/neighbors/4"
          >
            <div
              className="neighbor"
            >
              <h4>
                Boolean Brandon
              </h4>
              <i
                className="fas fa-angle-right"
              />
            </div>
          </Link>
          <Link
            className="name-link"
            replace={false}
            to="/neighbors/7"
          >
            <div
              className="neighbor"
            >
              <h4>
                Tim Fischer
              </h4>
              <i
                className="fas fa-angle-right"
              />
            </div>
          </Link>
        </div>,
      ],
      "className": "my-neighbors",
    },
    "ref": null,
    "rendered": Array [
      Object {
        "instance": null,
        "key": undefined,
        "nodeType": "function",
        "props": Object {},
        "ref": null,
        "rendered": null,
        "type": [Function],
      },
      Object {
        "instance": null,
        "key": undefined,
        "nodeType": "host",
        "props": Object {
          "children": Array [
            <Link
              className="name-link"
              replace={false}
              to="/neighbors/1"
            >
              <div
                className="neighbor"
              >
                <h4>
                  Gray Smith
                </h4>
                <i
                  className="fas fa-angle-right"
                />
              </div>
            </Link>,
            <Link
              className="name-link"
              replace={false}
              to="/neighbors/4"
            >
              <div
                className="neighbor"
              >
                <h4>
                  Boolean Brandon
                </h4>
                <i
                  className="fas fa-angle-right"
                />
              </div>
            </Link>,
            <Link
              className="name-link"
              replace={false}
              to="/neighbors/7"
            >
              <div
                className="neighbor"
              >
                <h4>
                  Tim Fischer
                </h4>
                <i
                  className="fas fa-angle-right"
                />
              </div>
            </Link>,
          ],
          "className": "main-content",
        },
        "ref": null,
        "rendered": Array [
          Object {
            "instance": null,
            "key": "Gray Smith-0",
            "nodeType": "class",
            "props": Object {
              "children": <div
                className="neighbor"
              >
                <h4>
                  Gray Smith
                </h4>
                <i
                  className="fas fa-angle-right"
                />
              </div>,
              "className": "name-link",
              "replace": false,
              "to": "/neighbors/1",
            },
            "ref": null,
            "rendered": Object {
              "instance": null,
              "key": undefined,
              "nodeType": "host",
              "props": Object {
                "children": Array [
                  <h4>
                    Gray Smith
                  </h4>,
                  <i
                    className="fas fa-angle-right"
                  />,
                ],
                "className": "neighbor",
              },
              "ref": null,
              "rendered": Array [
                Object {
                  "instance": null,
                  "key": undefined,
                  "nodeType": "host",
                  "props": Object {
                    "children": "Gray Smith",
                  },
                  "ref": null,
                  "rendered": "Gray Smith",
                  "type": "h4",
                },
                Object {
                  "instance": null,
                  "key": undefined,
                  "nodeType": "host",
                  "props": Object {
                    "className": "fas fa-angle-right",
                  },
                  "ref": null,
                  "rendered": null,
                  "type": "i",
                },
              ],
              "type": "div",
            },
            "type": [Function],
          },
          Object {
            "instance": null,
            "key": "Boolean Brandon-1",
            "nodeType": "class",
            "props": Object {
              "children": <div
                className="neighbor"
              >
                <h4>
                  Boolean Brandon
                </h4>
                <i
                  className="fas fa-angle-right"
                />
              </div>,
              "className": "name-link",
              "replace": false,
              "to": "/neighbors/4",
            },
            "ref": null,
            "rendered": Object {
              "instance": null,
              "key": undefined,
              "nodeType": "host",
              "props": Object {
                "children": Array [
                  <h4>
                    Boolean Brandon
                  </h4>,
                  <i
                    className="fas fa-angle-right"
                  />,
                ],
                "className": "neighbor",
              },
              "ref": null,
              "rendered": Array [
                Object {
                  "instance": null,
                  "key": undefined,
                  "nodeType": "host",
                  "props": Object {
                    "children": "Boolean Brandon",
                  },
                  "ref": null,
                  "rendered": "Boolean Brandon",
                  "type": "h4",
                },
                Object {
                  "instance": null,
                  "key": undefined,
                  "nodeType": "host",
                  "props": Object {
                    "className": "fas fa-angle-right",
                  },
                  "ref": null,
                  "rendered": null,
                  "type": "i",
                },
              ],
              "type": "div",
            },
            "type": [Function],
          },
          Object {
            "instance": null,
            "key": "Tim Fischer-2",
            "nodeType": "class",
            "props": Object {
              "children": <div
                className="neighbor"
              >
                <h4>
                  Tim Fischer
                </h4>
                <i
                  className="fas fa-angle-right"
                />
              </div>,
              "className": "name-link",
              "replace": false,
              "to": "/neighbors/7",
            },
            "ref": null,
            "rendered": Object {
              "instance": null,
              "key": undefined,
              "nodeType": "host",
              "props": Object {
                "children": Array [
                  <h4>
                    Tim Fischer
                  </h4>,
                  <i
                    className="fas fa-angle-right"
                  />,
                ],
                "className": "neighbor",
              },
              "ref": null,
              "rendered": Array [
                Object {
                  "instance": null,
                  "key": undefined,
                  "nodeType": "host",
                  "props": Object {
                    "children": "Tim Fischer",
                  },
                  "ref": null,
                  "rendered": "Tim Fischer",
                  "type": "h4",
                },
                Object {
                  "instance": null,
                  "key": undefined,
                  "nodeType": "host",
                  "props": Object {
                    "className": "fas fa-angle-right",
                  },
                  "ref": null,
                  "rendered": null,
                  "type": "i",
                },
              ],
              "type": "div",
            },
            "type": [Function],
          },
        ],
        "type": "div",
      },
    ],
    "type": "div",
  },
  Symbol(enzyme.__nodes__): Array [
    Object {
      "instance": null,
      "key": undefined,
      "nodeType": "host",
      "props": Object {
        "children": Array [
          <Nav />,
          <div
            className="main-content"
          >
            <Link
              className="name-link"
              replace={false}
              to="/neighbors/1"
            >
              <div
                className="neighbor"
              >
                <h4>
                  Gray Smith
                </h4>
                <i
                  className="fas fa-angle-right"
                />
              </div>
            </Link>
            <Link
              className="name-link"
              replace={false}
              to="/neighbors/4"
            >
              <div
                className="neighbor"
              >
                <h4>
                  Boolean Brandon
                </h4>
                <i
                  className="fas fa-angle-right"
                />
              </div>
            </Link>
            <Link
              className="name-link"
              replace={false}
              to="/neighbors/7"
            >
              <div
                className="neighbor"
              >
                <h4>
                  Tim Fischer
                </h4>
                <i
                  className="fas fa-angle-right"
                />
              </div>
            </Link>
          </div>,
        ],
        "className": "my-neighbors",
      },
      "ref": null,
      "rendered": Array [
        Object {
          "instance": null,
          "key": undefined,
          "nodeType": "function",
          "props": Object {},
          "ref": null,
          "rendered": null,
          "type": [Function],
        },
        Object {
          "instance": null,
          "key": undefined,
          "nodeType": "host",
          "props": Object {
            "children": Array [
              <Link
                className="name-link"
                replace={false}
                to="/neighbors/1"
              >
                <div
                  className="neighbor"
                >
                  <h4>
                    Gray Smith
                  </h4>
                  <i
                    className="fas fa-angle-right"
                  />
                </div>
              </Link>,
              <Link
                className="name-link"
                replace={false}
                to="/neighbors/4"
              >
                <div
                  className="neighbor"
                >
                  <h4>
                    Boolean Brandon
                  </h4>
                  <i
                    className="fas fa-angle-right"
                  />
                </div>
              </Link>,
              <Link
                className="name-link"
                replace={false}
                to="/neighbors/7"
              >
                <div
                  className="neighbor"
                >
                  <h4>
                    Tim Fischer
                  </h4>
                  <i
                    className="fas fa-angle-right"
                  />
                </div>
              </Link>,
            ],
            "className": "main-content",
          },
          "ref": null,
          "rendered": Array [
            Object {
              "instance": null,
              "key": "Gray Smith-0",
              "nodeType": "class",
              "props": Object {
                "children": <div
                  className="neighbor"
                >
                  <h4>
                    Gray Smith
                  </h4>
                  <i
                    className="fas fa-angle-right"
                  />
                </div>,
                "className": "name-link",
                "replace": false,
                "to": "/neighbors/1",
              },
              "ref": null,
              "rendered": Object {
                "instance": null,
                "key": undefined,
                "nodeType": "host",
                "props": Object {
                  "children": Array [
                    <h4>
                      Gray Smith
                    </h4>,
                    <i
                      className="fas fa-angle-right"
                    />,
                  ],
                  "className": "neighbor",
                },
                "ref": null,
                "rendered": Array [
                  Object {
                    "instance": null,
                    "key": undefined,
                    "nodeType": "host",
                    "props": Object {
                      "children": "Gray Smith",
                    },
                    "ref": null,
                    "rendered": "Gray Smith",
                    "type": "h4",
                  },
                  Object {
                    "instance": null,
                    "key": undefined,
                    "nodeType": "host",
                    "props": Object {
                      "className": "fas fa-angle-right",
                    },
                    "ref": null,
                    "rendered": null,
                    "type": "i",
                  },
                ],
                "type": "div",
              },
              "type": [Function],
            },
            Object {
              "instance": null,
              "key": "Boolean Brandon-1",
              "nodeType": "class",
              "props": Object {
                "children": <div
                  className="neighbor"
                >
                  <h4>
                    Boolean Brandon
                  </h4>
                  <i
                    className="fas fa-angle-right"
                  />
                </div>,
                "className": "name-link",
                "replace": false,
                "to": "/neighbors/4",
              },
              "ref": null,
              "rendered": Object {
                "instance": null,
                "key": undefined,
                "nodeType": "host",
                "props": Object {
                  "children": Array [
                    <h4>
                      Boolean Brandon
                    </h4>,
                    <i
                      className="fas fa-angle-right"
                    />,
                  ],
                  "className": "neighbor",
                },
                "ref": null,
                "rendered": Array [
                  Object {
                    "instance": null,
                    "key": undefined,
                    "nodeType": "host",
                    "props": Object {
                      "children": "Boolean Brandon",
                    },
                    "ref": null,
                    "rendered": "Boolean Brandon",
                    "type": "h4",
                  },
                  Object {
                    "instance": null,
                    "key": undefined,
                    "nodeType": "host",
                    "props": Object {
                      "className": "fas fa-angle-right",
                    },
                    "ref": null,
                    "rendered": null,
                    "type": "i",
                  },
                ],
                "type": "div",
              },
              "type": [Function],
            },
            Object {
              "instance": null,
              "key": "Tim Fischer-2",
              "nodeType": "class",
              "props": Object {
                "children": <div
                  className="neighbor"
                >
                  <h4>
                    Tim Fischer
                  </h4>
                  <i
                    className="fas fa-angle-right"
                  />
                </div>,
                "className": "name-link",
                "replace": false,
                "to": "/neighbors/7",
              },
              "ref": null,
              "rendered": Object {
                "instance": null,
                "key": undefined,
                "nodeType": "host",
                "props": Object {
                  "children": Array [
                    <h4>
                      Tim Fischer
                    </h4>,
                    <i
                      className="fas fa-angle-right"
                    />,
                  ],
                  "className": "neighbor",
                },
                "ref": null,
                "rendered": Array [
                  Object {
                    "instance": null,
                    "key": undefined,
                    "nodeType": "host",
                    "props": Object {
                      "children": "Tim Fischer",
                    },
                    "ref": null,
                    "rendered": "Tim Fischer",
                    "type": "h4",
                  },
                  Object {
                    "instance": null,
                    "key": undefined,
                    "nodeType": "host",
                    "props": Object {
                      "className": "fas fa-angle-right",
                    },
                    "ref": null,
                    "rendered": null,
                    "type": "i",
                  },
                ],
                "type": "div",
              },
              "type": [Function],
            },
          ],
          "type": "div",
        },
      ],
      "type": "div",
    },
  ],
  Symbol(enzyme.__options__): Object {
    "adapter": ReactSixteenAdapter {
      "options": Object {
        "enableComponentDidUpdateOnSetState": true,
        "lifecycles": Object {
          "componentDidUpdate": Object {
            "onSetState": true,
          },
          "getDerivedStateFromProps": true,
          "getSnapshotBeforeUpdate": true,
          "setState": Object {
            "skipsComponentDidUpdateOnNullish": true,
          },
        },
      },
    },
  },
}
`;
